PHPUnit 12.4.4 by Sebastian Bergmann and contributors.

Runtime:       PHP 8.4.16
Configuration: /var/www/html/anggota/phpunit.xml

...                                                                 3 / 3 (100%)

Time: 00:00.223, Memory: 61.00 MB

OK (3 tests, 9 assertions)
